// Jest Snapshot v1, https://goo.gl/fbAQLP

exports[`App should render correctly 1`] = `
<View>
  <BVLinearGradient
    colors={
      Array [
        4279856287,
        4285182253,
      ]
    }
    end={undefined}
    locations={null}
    start={undefined}
  >
    <Text
      accessible={true}
      allowFontScaling={true}
      ellipsizeMode="tail"
    >
      Hello World!
    </Text>
  </BVLinearGradient>
</View>
`;
